// Jest Snapshot v1, https://goo.gl/fbAQLP

exports[`ItemPage should match snapshot 1`] = `undefined`;
